// Jest Snapshot v1, https://goo.gl/fbAQLP

exports[`<AccountSettings /> should match the snapshot 1`] = `
<div
  class=""
/>
`;
